
     Program PWSCF v.6.3 starts on 19Jan2019 at 20: 4:53 

     This program is part of the open-source Quantum ESPRESSO suite
     for quantum simulation of materials; please cite
         "P. Giannozzi et al., J. Phys.:Condens. Matter 21 395502 (2009);
         "P. Giannozzi et al., J. Phys.:Condens. Matter 29 465901 (2017);
          URL http://www.quantum-espresso.org", 
     in publications or presentations arising from this work. More details at
     http://www.quantum-espresso.org/quote

     Parallel version (MPI), running on    32 processors

     MPI processes distributed on     1 nodes
     R & G space division:  proc/nbgrp/npool/nimage =      32
     Waiting for input...
     Reading input from standard input
Warning: card SN 0.88 0.75 0.90 ignored

     Current dimensions of program PWSCF are:
     Max number of different atomic species (ntypx) = 10
     Max number of k-points (npk) =  40000
     Max angular momentum in pseudopotentials (lmaxx) =  3
     Message from routine read_upf::
     Pseudo file ../../../pseudo/Se.B86bpbe-n-kjpaw_psl.0.2.UPF has been successfully fixed on the fly.
To avoid this message in the future you can permanently fix 
 your pseudo files following instructions given in: 
https://gitlab.com/QEF/q-e/blob/master/upftools/how_to_fix_upf.md
               file Se.B86bpbe-n-kjpaw_psl.0.2.UPF: wavefunction(s)  4S renormalized
     Message from routine read_upf::
     Pseudo file ../../../pseudo/Sn.B86bpbe-dn-kjpaw_psl.0.2.UPF has been successfully fixed on the fly.
To avoid this message in the future you can permanently fix 
 your pseudo files following instructions given in: 
https://gitlab.com/QEF/q-e/blob/master/upftools/how_to_fix_upf.md
               file Sn.B86bpbe-dn-kjpaw_psl.0.2.UPF: wavefunction(s)  5P 4D renormalized

     Subspace diagonalization in iterative solution of the eigenvalue problem:
     one sub-group per band group will be used
     scalapack distributed-memory algorithm (size of sub-group:  4*  4 procs)

 
     Parallelization info
     --------------------
     sticks:   dense  smooth     PW     G-vecs:    dense   smooth      PW
     Min         443     148     41                24947     4800     715
     Max         444     149     42                24950     4803     718
     Sum       14195    4739   1341               798343   153639   22937
 

     Title: 
     LT-SnSe_XDM                                                                


     bravais-lattice index     =            0
     lattice parameter (alat)  =      21.4862  a.u.
     unit-cell volume          =    1425.7420 (a.u.)^3
     number of atoms/cell      =            8
     number of atomic types    =            2
     number of electrons       =        80.00
     number of Kohn-Sham states=           48
     kinetic-energy cutoff     =      86.0000  Ry
     charge density cutoff     =    1032.0000  Ry
     convergence threshold     =      1.0E-11
     mixing beta               =       0.7000
     number of iterations used =            8  plain     mixing
     Exchange-correlation      = SLA PW B86B PBC ( 1  4 22  4 0 0)
     nstep                     =          150


     celldm(1)=  21.486186  celldm(2)=   0.368162  celldm(3)=   0.390413
     celldm(4)=   0.000000  celldm(5)=   0.000000  celldm(6)=   0.000000

     crystal axes: (cart. coord. in units of alat)
               a(1) = (   1.015059   0.000002   0.000000 )  
               a(2) = (   0.000001   0.369007   0.000000 )  
               a(3) = (   0.000000   0.000000   0.383740 )  

     reciprocal axes: (cart. coord. in units 2 pi/alat)
               b(1) = (  0.985164 -0.000003  0.000000 )  
               b(2) = ( -0.000005  2.709976  0.000000 )  
               b(3) = (  0.000000  0.000000  2.605931 )  


     PseudoPot. # 1 for Se read from file:
     ../../../pseudo/Se.B86bpbe-n-kjpaw_psl.0.2.UPF
     MD5 check sum: 2350c5feb8fdb8ed6cd99b62c9bc384c
     Pseudo is Projector augmented-wave + core cor, Zval =  6.0
     Generated using "atomic" code by A. Dal Corso v.6.0 svn rev. 13079
     Shape of augmentation charge: PSQ
     Using radial grid of 1211 points,  4 beta functions with: 
                l(1) =   0
                l(2) =   0
                l(3) =   1
                l(4) =   1
     Q(r) pseudized with 0 coefficients 


     PseudoPot. # 2 for Sn read from file:
     ../../../pseudo/Sn.B86bpbe-dn-kjpaw_psl.0.2.UPF
     MD5 check sum: 91bbf99ec344a56a40fed5ae0181a0d3
     Pseudo is Projector augmented-wave + core cor, Zval = 14.0
     Generated using "atomic" code by A. Dal Corso v.6.0 svn rev. 13079
     Shape of augmentation charge: BESSEL
     Using radial grid of 1243 points,  6 beta functions with: 
                l(1) =   0
                l(2) =   0
                l(3) =   1
                l(4) =   1
                l(5) =   2
                l(6) =   2
     Q(r) pseudized with 0 coefficients 


     atomic species   valence    mass     pseudopotential
        Se             6.00    78.97100     Se( 1.00)
        Sn            14.00   118.71000     Sn( 1.00)

      2 Sym. Ops., with inversion, found
          (note:  2 additional sym.ops. were found but ignored
           their fractional translations are incommensurate with FFT grid)


   Cartesian axes

     site n.     atom                  positions (alat units)
         1           Se  tau(   1) = (   0.8712519   0.0922525   0.1817402  )
         2           Se  tau(   2) = (   0.3637217   0.0922515   0.0101302  )
         3           Se  tau(   3) = (   0.1438077   0.2767571   0.2020001  )
         4           Se  tau(   4) = (   0.6513379   0.2767581   0.3736101  )
         5           Sn  tau(   5) = (   0.1214295   0.0922546   0.0355139  )
         6           Sn  tau(   6) = (   0.3860991   0.2767543   0.2273839  )
         7           Sn  tau(   7) = (   0.6289605   0.0922553   0.1563563  )
         8           Sn  tau(   8) = (   0.8936301   0.2767550   0.3482262  )

     number of k points=   365  Marzari-Vanderbilt smearing, width (Ry)=  0.0010

     Number of k-points >= 100: set verbosity='high' to print them.

     Dense  grid:   798343 G-vectors     FFT dimensions: ( 225,  81,  90)

     Smooth grid:   153639 G-vectors     FFT dimensions: ( 135,  48,  50)

     Estimated max dynamical RAM per process >     300.43 MB

     Estimated total dynamical RAM >       9.39 GB

     Initial potential from superposition of free atoms

     starting charge   79.99431, renormalised to   80.00000
     Starting wfcs are   52 randomized atomic wfcs
     Checking if some PAW data can be deallocated... 

     total cpu time spent up to now is       25.8 secs

     Self-consistent Calculation

     iteration #  1     ecut=    86.00 Ry     beta= 0.70
     Davidson diagonalization with overlap
     ethr =  1.00E-02,  avg # of iterations =  2.7

     Threshold (ethr) on eigenvalues was too large:
     Diagonalizing with lowered threshold

     Davidson diagonalization with overlap
     ethr =  3.15E-04,  avg # of iterations =  4.0

     total cpu time spent up to now is      257.2 secs

     total energy              =   -2534.82236516 Ry
     Harris-Foulkes estimate   =   -2534.96194227 Ry
     estimated scf accuracy    <       0.21233244 Ry

     iteration #  2     ecut=    86.00 Ry     beta= 0.70
     Davidson diagonalization with overlap
     ethr =  2.65E-04,  avg # of iterations =  3.4

     total cpu time spent up to now is      373.3 secs

     total energy              =   -2534.86574020 Ry
     Harris-Foulkes estimate   =   -2534.94970420 Ry
     estimated scf accuracy    <       0.15310195 Ry

     iteration #  3     ecut=    86.00 Ry     beta= 0.70
     Davidson diagonalization with overlap
     ethr =  1.91E-04,  avg # of iterations =  2.0

     total cpu time spent up to now is      478.4 secs

     total energy              =   -2534.90254650 Ry
     Harris-Foulkes estimate   =   -2534.90413686 Ry
     estimated scf accuracy    <       0.00370577 Ry

     iteration #  4     ecut=    86.00 Ry     beta= 0.70
     Davidson diagonalization with overlap
     ethr =  4.63E-06,  avg # of iterations =  4.9

     total cpu time spent up to now is      620.9 secs

     total energy              =   -2534.90281821 Ry
     Harris-Foulkes estimate   =   -2534.90467493 Ry
     estimated scf accuracy    <       0.00463686 Ry

     iteration #  5     ecut=    86.00 Ry     beta= 0.70
     Davidson diagonalization with overlap
     ethr =  4.63E-06,  avg # of iterations =  4.8

     total cpu time spent up to now is      760.1 secs

     total energy              =   -2534.90347264 Ry
     Harris-Foulkes estimate   =   -2534.90453984 Ry
     estimated scf accuracy    <       0.00435716 Ry

     iteration #  6     ecut=    86.00 Ry     beta= 0.70
     Davidson diagonalization with overlap
     ethr =  4.63E-06,  avg # of iterations =  3.4

     total cpu time spent up to now is      883.6 secs

     total energy              =   -2534.90399565 Ry
     Harris-Foulkes estimate   =   -2534.90401126 Ry
     estimated scf accuracy    <       0.00004021 Ry

     iteration #  7     ecut=    86.00 Ry     beta= 0.70
     Davidson diagonalization with overlap
     ethr =  5.03E-08,  avg # of iterations =  3.6

     total cpu time spent up to now is     1003.2 secs

     total energy              =   -2534.90401345 Ry
     Harris-Foulkes estimate   =   -2534.90401433 Ry
     estimated scf accuracy    <       0.00000211 Ry

     iteration #  8     ecut=    86.00 Ry     beta= 0.70
     Davidson diagonalization with overlap
     ethr =  2.63E-09,  avg # of iterations =  3.0

     total cpu time spent up to now is     1126.3 secs

     total energy              =   -2534.90401412 Ry
     Harris-Foulkes estimate   =   -2534.90401433 Ry
     estimated scf accuracy    <       0.00000013 Ry

     iteration #  9     ecut=    86.00 Ry     beta= 0.70
     Davidson diagonalization with overlap
     ethr =  1.68E-10,  avg # of iterations =  3.0

     total cpu time spent up to now is     1246.4 secs

     total energy              =   -2534.90401412 Ry
     Harris-Foulkes estimate   =   -2534.90401418 Ry
     estimated scf accuracy    <       0.00000004 Ry

     iteration # 10     ecut=    86.00 Ry     beta= 0.70
     Davidson diagonalization with overlap
     ethr =  5.15E-11,  avg # of iterations =  2.0

     total cpu time spent up to now is     1350.7 secs

     total energy              =   -2534.90401412 Ry
     Harris-Foulkes estimate   =   -2534.90401413 Ry
     estimated scf accuracy    <          2.9E-09 Ry

     iteration # 11     ecut=    86.00 Ry     beta= 0.70
     Davidson diagonalization with overlap
     ethr =  3.66E-12,  avg # of iterations =  3.0

     total cpu time spent up to now is     1472.5 secs

     total energy              =   -2534.90401412 Ry
     Harris-Foulkes estimate   =   -2534.90401412 Ry
     estimated scf accuracy    <          1.1E-10 Ry

     iteration # 12     ecut=    86.00 Ry     beta= 0.70
     Davidson diagonalization with overlap
     ethr =  1.37E-13,  avg # of iterations =  3.2

     total cpu time spent up to now is     1596.7 secs

     End of self-consistent calculation

     Number of k-points >= 100: set verbosity='high' to print the bands.

     the Fermi energy is     8.6522 ev

* XDM dispersion
  a1 =     0.651200
  a2 (ang) =     1.463300
  a2 (bohr) =     2.765236
 
+ Volumes and moments
# All results in atomic units (Hartree,bohr)
# i        V             Vfree           M1             M2             M3
  1   1.029478E+02   1.042124E+02   8.229834E+00   1.576224E+02   3.043562E+03
  2   1.029478E+02   1.042124E+02   8.229456E+00   1.576156E+02   3.043430E+03
  3   1.029478E+02   1.042124E+02   8.229833E+00   1.576224E+02   3.043561E+03
  4   1.029478E+02   1.042124E+02   8.229456E+00   1.576156E+02   3.043430E+03
  5   1.730700E+02   1.832193E+02   1.242363E+01   2.578185E+02   7.477090E+03
  6   1.730700E+02   1.832193E+02   1.242274E+01   2.577999E+02   7.476709E+03
  7   1.730699E+02   1.832193E+02   1.242274E+01   2.577998E+02   7.476710E+03
  8   1.730700E+02   1.832193E+02   1.242363E+01   2.578186E+02   7.477092E+03
 
+ Dispersion coefficients
# All results in atomic units (Hartree,bohr).
# i   j      C6             C8             C10            Rc            Rvdw
  1   1   1.034182E+02   5.942168E+03   3.123155E+05   7.414315E+00   7.593438E+00
  2   1   1.034158E+02   5.942040E+03   3.123090E+05   7.414319E+00   7.593440E+00
  2   2   1.034134E+02   5.941911E+03   3.123024E+05   7.414322E+00   7.593443E+00
  3   1   1.034181E+02   5.942166E+03   3.123154E+05   7.414315E+00   7.593438E+00
  3   2   1.034158E+02   5.942037E+03   3.123088E+05   7.414318E+00   7.593440E+00
  3   3   1.034181E+02   5.942163E+03   3.123152E+05   7.414314E+00   7.593438E+00
  4   1   1.034158E+02   5.942039E+03   3.123089E+05   7.414318E+00   7.593440E+00
  4   2   1.034134E+02   5.941910E+03   3.123024E+05   7.414322E+00   7.593443E+00
  4   3   1.034157E+02   5.942036E+03   3.123088E+05   7.414318E+00   7.593440E+00
  4   4   1.034134E+02   5.941909E+03   3.123023E+05   7.414322E+00   7.593443E+00
  5   1   1.761109E+02   1.054151E+04   6.362283E+05   7.752778E+00   7.813845E+00
  5   2   1.761074E+02   1.054131E+04   6.362167E+05   7.752781E+00   7.813847E+00
  5   3   1.761108E+02   1.054151E+04   6.362280E+05   7.752777E+00   7.813845E+00
  5   4   1.761073E+02   1.054131E+04   6.362166E+05   7.752781E+00   7.813847E+00
  5   5   3.048994E+02   1.898206E+04   1.285497E+06   8.059213E+00   8.013396E+00
  6   1   1.761037E+02   1.054108E+04   6.362066E+05   7.752790E+00   7.813853E+00
  6   2   1.761002E+02   1.054088E+04   6.361950E+05   7.752794E+00   7.813856E+00
  6   3   1.761036E+02   1.054107E+04   6.362063E+05   7.752790E+00   7.813853E+00
  6   4   1.761002E+02   1.054088E+04   6.361949E+05   7.752794E+00   7.813856E+00
  6   5   3.048884E+02   1.898137E+04   1.285458E+06   8.059225E+00   8.013404E+00
  6   6   3.048774E+02   1.898068E+04   1.285419E+06   8.059237E+00   8.013411E+00
  7   1   1.761037E+02   1.054108E+04   6.362065E+05   7.752791E+00   7.813853E+00
  7   2   1.761002E+02   1.054088E+04   6.361949E+05   7.752794E+00   7.813856E+00
  7   3   1.761036E+02   1.054107E+04   6.362062E+05   7.752790E+00   7.813853E+00
  7   4   1.761001E+02   1.054088E+04   6.361948E+05   7.752794E+00   7.813856E+00
  7   5   3.048884E+02   1.898137E+04   1.285458E+06   8.059225E+00   8.013404E+00
  7   6   3.048774E+02   1.898068E+04   1.285418E+06   8.059237E+00   8.013411E+00
  7   7   3.048773E+02   1.898067E+04   1.285418E+06   8.059237E+00   8.013411E+00
  8   1   1.761109E+02   1.054151E+04   6.362284E+05   7.752778E+00   7.813845E+00
  8   2   1.761074E+02   1.054132E+04   6.362168E+05   7.752781E+00   7.813847E+00
  8   3   1.761108E+02   1.054151E+04   6.362281E+05   7.752777E+00   7.813845E+00
  8   4   1.761073E+02   1.054131E+04   6.362167E+05   7.752781E+00   7.813847E+00
  8   5   3.048995E+02   1.898207E+04   1.285497E+06   8.059214E+00   8.013396E+00
  8   6   3.048885E+02   1.898138E+04   1.285458E+06   8.059225E+00   8.013404E+00
  8   7   3.048884E+02   1.898137E+04   1.285458E+06   8.059225E+00   8.013404E+00
  8   8   3.048995E+02   1.898207E+04   1.285497E+06   8.059214E+00   8.013396E+00
 
+ van der Waals energies, forces and stresses (Ry,bohr)
  Evdw(total,Ry)   =  -2.800211958679E-01
  Evdw(C6,Ry)      =  -1.102021317654E-01
  Evdw(C8,Ry)      =  -8.812942944027E-02
  Evdw(C10,Ry)     =  -8.168963466221E-02
  Fvdw (001,Ry/bohr) =   2.078718773386E-04  -2.207146102440E-08   4.193355579754E-05
  Fvdw (002,Ry/bohr) =   2.075742550108E-04  -1.876561033430E-08  -4.194859915792E-05
  Fvdw (003,Ry/bohr) =  -2.078708870421E-04   2.207149402057E-08  -4.193761326736E-05
  Fvdw (004,Ry/bohr) =  -2.075745550856E-04   1.876557691095E-08   4.194775589523E-05
  Fvdw (005,Ry/bohr) =   9.356995534749E-04  -8.418386885097E-08  -1.074168664259E-04
  Fvdw (006,Ry/bohr) =  -9.360772735746E-04   7.407592406107E-08  -1.074180964099E-04
  Fvdw (007,Ry/bohr) =   9.360772807581E-04  -7.407590923740E-08   1.074189930426E-04
  Fvdw (008,Ry/bohr) =  -9.357002508801E-04   8.418385445127E-08   1.074208705257E-04
  sigma_vdw (Ry/bohr**3) =  -2.093518586035E-04  -5.284245583821E-10   3.704814705242E-11  
                            -5.284245583821E-10  -2.111270304755E-04  -2.427726993357E-11  
                             3.704814705242E-11  -2.427726993357E-11  -2.156370790189E-04  
  sigma_vdw (GPa) =  -3.079671646877E+00  -7.773392320555E-06   5.449969673435E-07  
                     -7.773392320555E-06  -3.105785322288E+00  -3.571309105001E-07  
                      5.449969673435E-07  -3.571309105001E-07  -3.172130415748E+00  
 

!    total energy              =   -2535.18430673 Ry
     Harris-Foulkes estimate   =   -2535.18403531 Ry
     estimated scf accuracy    <          3.8E-12 Ry

     total all-electron energy =    -68869.080197 Ry

     The total energy is the sum of the following terms:

     one-electron contribution =    -241.60671221 Ry
     hartree contribution      =     141.79916039 Ry
     xc contribution           =    -164.35750077 Ry
     ewald contribution        =    -441.58171192 Ry
     Dispersion XDM Correction =      -0.28002120 Ry
     one-center paw contrib.   =   -1829.15752103 Ry
     smearing contrib. (-TS)   =       0.00000000 Ry

     convergence has been achieved in  12 iterations

     Forces acting on atoms (cartesian axes, Ry/au):

     atom    1 type  1   force =     0.00002018    0.00000008    0.00017571
     atom    2 type  1   force =     0.00001966    0.00000029   -0.00017538
     atom    3 type  1   force =    -0.00002018   -0.00000008   -0.00017571
     atom    4 type  1   force =    -0.00001966   -0.00000029    0.00017538
     atom    5 type  2   force =     0.00016141    0.00000051   -0.00018065
     atom    6 type  2   force =    -0.00017350   -0.00000052   -0.00017982
     atom    7 type  2   force =     0.00017350    0.00000052    0.00017982
     atom    8 type  2   force =    -0.00016141   -0.00000051    0.00018065

     Total force =     0.000606     Total SCF correction =     0.000011


     Computing stress (Cartesian axis) and pressure

          total   stress  (Ry/bohr**3)                   (kbar)     P=   -4.68
  -0.00003012   0.00000000  -0.00000000         -4.43      0.00     -0.00
   0.00000000  -0.00003490   0.00000000          0.00     -5.13      0.00
  -0.00000000   0.00000000  -0.00003050         -0.00      0.00     -4.49

     Volume is kept fixed: isostatic pressure set to zero

     BFGS Geometry Optimization

     bfgs converged in   1 scf cycles and   0 bfgs steps
     (criteria: energy <  1.0E-07 Ry, force <  1.0E-03Ry/Bohr, cell <  5.0E-01kbar)

     End of BFGS Geometry Optimization

     Final enthalpy =   -2535.1843067305 Ry
Begin final coordinates
     new unit-cell volume =   1425.74205 a.u.^3 (   211.27317 Ang^3 )
     density =      6.21484 g/cm^3

CELL_PARAMETERS (alat= 21.48618605)
   1.015059000   0.000002000   0.000000000
   0.000001000   0.369007000   0.000000000
   0.000000000   0.000000000   0.383740000

ATOMIC_POSITIONS (alat)
Se       0.871251900   0.092252500   0.181740200
Se       0.363721700   0.092251500   0.010130200
Se       0.143807700   0.276757100   0.202000100
Se       0.651337900   0.276758100   0.373610100
Sn       0.121429500   0.092254600   0.035513900
Sn       0.386099100   0.276754300   0.227383900
Sn       0.628960500   0.092255300   0.156356300
Sn       0.893630100   0.276755000   0.348226200
End final coordinates



     Writing output data file LT-SnSe_XDM.save/

     A final scf calculation at the relaxed structure.
     The G-vectors are recalculated for the final unit cell
     Results may differ from those at the preceding step.
 
     Parallelization info
     --------------------
     sticks:   dense  smooth     PW     G-vecs:    dense   smooth      PW
     Min         443     148     41                24947     4800     715
     Max         444     149     42                24950     4803     718
     Sum       14195    4739   1341               798343   153639   22937
 

     Title: 
     LT-SnSe_XDM                                                                


     bravais-lattice index     =            0
     lattice parameter (alat)  =      21.4862  a.u.
     unit-cell volume          =    1425.7420 (a.u.)^3
     number of atoms/cell      =            8
     number of atomic types    =            2
     number of electrons       =        80.00
     number of Kohn-Sham states=           48
     kinetic-energy cutoff     =      86.0000  Ry
     charge density cutoff     =    1032.0000  Ry
     convergence threshold     =      1.0E-11
     mixing beta               =       0.7000
     number of iterations used =            8  plain     mixing
     Exchange-correlation      = SLA PW B86B PBC ( 1  4 22  4 0 0)

     celldm(1)=  21.486186  celldm(2)=   0.368162  celldm(3)=   0.390413
     celldm(4)=   0.000000  celldm(5)=   0.000000  celldm(6)=   0.000000

     crystal axes: (cart. coord. in units of alat)
               a(1) = (   1.015059   0.000002   0.000000 )  
               a(2) = (   0.000001   0.369007   0.000000 )  
               a(3) = (   0.000000   0.000000   0.383740 )  

     reciprocal axes: (cart. coord. in units 2 pi/alat)
               b(1) = (  0.985164 -0.000003  0.000000 )  
               b(2) = ( -0.000005  2.709976  0.000000 )  
               b(3) = (  0.000000  0.000000  2.605931 )  


     PseudoPot. # 1 for Se read from file:
     ../../../pseudo/Se.B86bpbe-n-kjpaw_psl.0.2.UPF
     MD5 check sum: 2350c5feb8fdb8ed6cd99b62c9bc384c
     Pseudo is Projector augmented-wave + core cor, Zval =  6.0
     Generated using "atomic" code by A. Dal Corso v.6.0 svn rev. 13079
     Shape of augmentation charge: PSQ
     Using radial grid of 1211 points,  4 beta functions with: 
                l(1) =   0
                l(2) =   0
                l(3) =   1
                l(4) =   1
     Q(r) pseudized with 0 coefficients 


     PseudoPot. # 2 for Sn read from file:
     ../../../pseudo/Sn.B86bpbe-dn-kjpaw_psl.0.2.UPF
     MD5 check sum: 91bbf99ec344a56a40fed5ae0181a0d3
     Pseudo is Projector augmented-wave + core cor, Zval = 14.0
     Generated using "atomic" code by A. Dal Corso v.6.0 svn rev. 13079
     Shape of augmentation charge: BESSEL
     Using radial grid of 1243 points,  6 beta functions with: 
                l(1) =   0
                l(2) =   0
                l(3) =   1
                l(4) =   1
                l(5) =   2
                l(6) =   2
     Q(r) pseudized with 0 coefficients 


     atomic species   valence    mass     pseudopotential
        Se             6.00    78.97100     Se( 1.00)
        Sn            14.00   118.71000     Sn( 1.00)

      2 Sym. Ops., with inversion, found
          (note:  2 additional sym.ops. were found but ignored
           their fractional translations are incommensurate with FFT grid)


   Cartesian axes

     site n.     atom                  positions (alat units)
         1           Se  tau(   1) = (   0.8712519   0.0922525   0.1817402  )
         2           Se  tau(   2) = (   0.3637217   0.0922515   0.0101302  )
         3           Se  tau(   3) = (   0.1438077   0.2767571   0.2020001  )
         4           Se  tau(   4) = (   0.6513379   0.2767581   0.3736101  )
         5           Sn  tau(   5) = (   0.1214295   0.0922546   0.0355139  )
         6           Sn  tau(   6) = (   0.3860991   0.2767543   0.2273839  )
         7           Sn  tau(   7) = (   0.6289605   0.0922553   0.1563563  )
         8           Sn  tau(   8) = (   0.8936301   0.2767550   0.3482262  )

     number of k points=   365  Marzari-Vanderbilt smearing, width (Ry)=  0.0010

     Number of k-points >= 100: set verbosity='high' to print them.

     Dense  grid:   798343 G-vectors     FFT dimensions: ( 225,  81,  90)

     Smooth grid:   153639 G-vectors     FFT dimensions: ( 135,  48,  50)

     Estimated max dynamical RAM per process >     300.81 MB

     Estimated total dynamical RAM >       9.40 GB

     Initial potential from superposition of free atoms

     starting charge   79.99431, renormalised to   80.00000
     Starting wfcs are   52 randomized atomic wfcs
     Checking if some PAW data can be deallocated... 

     total cpu time spent up to now is     1647.2 secs

     Self-consistent Calculation

     iteration #  1     ecut=    86.00 Ry     beta= 0.70
     Davidson diagonalization with overlap
     ethr =  1.00E-06,  avg # of iterations = 12.8

     total cpu time spent up to now is     1927.2 secs

     total energy              =   -2534.82293269 Ry
     Harris-Foulkes estimate   =   -2534.96321507 Ry
     estimated scf accuracy    <       0.21194070 Ry

     iteration #  2     ecut=    86.00 Ry     beta= 0.70
     Davidson diagonalization with overlap
     ethr =  2.65E-04,  avg # of iterations =  2.8

     total cpu time spent up to now is     2042.6 secs

     total energy              =   -2534.86563926 Ry
     Harris-Foulkes estimate   =   -2534.94975891 Ry
     estimated scf accuracy    <       0.15267111 Ry

     iteration #  3     ecut=    86.00 Ry     beta= 0.70
     Davidson diagonalization with overlap
     ethr =  1.91E-04,  avg # of iterations =  2.0

     total cpu time spent up to now is     2150.6 secs

     total energy              =   -2534.90219420 Ry
     Harris-Foulkes estimate   =   -2534.90421190 Ry
     estimated scf accuracy    <       0.00431103 Ry

     iteration #  4     ecut=    86.00 Ry     beta= 0.70
     Davidson diagonalization with overlap
     ethr =  5.39E-06,  avg # of iterations =  5.0

     total cpu time spent up to now is     2296.3 secs

     total energy              =   -2534.90166614 Ry
     Harris-Foulkes estimate   =   -2534.90571271 Ry
     estimated scf accuracy    <       0.01358025 Ry

     iteration #  5     ecut=    86.00 Ry     beta= 0.70
     Davidson diagonalization with overlap
     ethr =  5.39E-06,  avg # of iterations =  4.8

     total cpu time spent up to now is     2437.5 secs

     total energy              =   -2534.90366313 Ry
     Harris-Foulkes estimate   =   -2534.90435507 Ry
     estimated scf accuracy    <       0.00257255 Ry

     iteration #  6     ecut=    86.00 Ry     beta= 0.70
     Davidson diagonalization with overlap
     ethr =  3.22E-06,  avg # of iterations =  2.8

     total cpu time spent up to now is     2553.5 secs

     total energy              =   -2534.90399929 Ry
     Harris-Foulkes estimate   =   -2534.90400829 Ry
     estimated scf accuracy    <       0.00002517 Ry

     iteration #  7     ecut=    86.00 Ry     beta= 0.70
     Davidson diagonalization with overlap
     ethr =  3.15E-08,  avg # of iterations =  3.8

     total cpu time spent up to now is     2676.3 secs

     total energy              =   -2534.90401363 Ry
     Harris-Foulkes estimate   =   -2534.90401465 Ry
     estimated scf accuracy    <       0.00000192 Ry

     iteration #  8     ecut=    86.00 Ry     beta= 0.70
     Davidson diagonalization with overlap
     ethr =  2.40E-09,  avg # of iterations =  3.0

     total cpu time spent up to now is     2803.0 secs

     total energy              =   -2534.90401411 Ry
     Harris-Foulkes estimate   =   -2534.90401439 Ry
     estimated scf accuracy    <       0.00000030 Ry

     iteration #  9     ecut=    86.00 Ry     beta= 0.70
     Davidson diagonalization with overlap
     ethr =  3.71E-10,  avg # of iterations =  2.2

     total cpu time spent up to now is     2913.0 secs

     total energy              =   -2534.90401412 Ry
     Harris-Foulkes estimate   =   -2534.90401418 Ry
     estimated scf accuracy    <       0.00000005 Ry

     iteration # 10     ecut=    86.00 Ry     beta= 0.70
     Davidson diagonalization with overlap
     ethr =  6.54E-11,  avg # of iterations =  2.3

     total cpu time spent up to now is     3024.6 secs

     total energy              =   -2534.90401412 Ry
     Harris-Foulkes estimate   =   -2534.90401413 Ry
     estimated scf accuracy    <          2.0E-09 Ry

     iteration # 11     ecut=    86.00 Ry     beta= 0.70
     Davidson diagonalization with overlap
     ethr =  2.53E-12,  avg # of iterations =  3.3

     total cpu time spent up to now is     3157.5 secs

     total energy              =   -2534.90401412 Ry
     Harris-Foulkes estimate   =   -2534.90401412 Ry
     estimated scf accuracy    <          4.0E-10 Ry

     iteration # 12     ecut=    86.00 Ry     beta= 0.70
     Davidson diagonalization with overlap
     ethr =  4.98E-13,  avg # of iterations =  2.0

     total cpu time spent up to now is     3255.8 secs

     End of self-consistent calculation

     Number of k-points >= 100: set verbosity='high' to print the bands.

     the Fermi energy is     8.6522 ev

* XDM dispersion
  a1 =     0.651200
  a2 (ang) =     1.463300
  a2 (bohr) =     2.765236
 
+ Volumes and moments
# All results in atomic units (Hartree,bohr)
# i        V             Vfree           M1             M2             M3
  1   1.029478E+02   1.042124E+02   8.229834E+00   1.576224E+02   3.043562E+03
  2   1.029478E+02   1.042124E+02   8.229456E+00   1.576156E+02   3.043430E+03
  3   1.029478E+02   1.042124E+02   8.229833E+00   1.576224E+02   3.043561E+03
  4   1.029478E+02   1.042124E+02   8.229455E+00   1.576155E+02   3.043430E+03
  5   1.730700E+02   1.832193E+02   1.242363E+01   2.578185E+02   7.477090E+03
  6   1.730699E+02   1.832193E+02   1.242274E+01   2.577998E+02   7.476709E+03
  7   1.730699E+02   1.832193E+02   1.242274E+01   2.577998E+02   7.476710E+03
  8   1.730700E+02   1.832193E+02   1.242363E+01   2.578186E+02   7.477091E+03
 
+ Dispersion coefficients
# All results in atomic units (Hartree,bohr).
# i   j      C6             C8             C10            Rc            Rvdw
  1   1   1.034182E+02   5.942168E+03   3.123155E+05   7.414315E+00   7.593438E+00
  2   1   1.034158E+02   5.942040E+03   3.123090E+05   7.414318E+00   7.593440E+00
  2   2   1.034134E+02   5.941911E+03   3.123024E+05   7.414322E+00   7.593443E+00
  3   1   1.034181E+02   5.942166E+03   3.123154E+05   7.414315E+00   7.593438E+00
  3   2   1.034158E+02   5.942037E+03   3.123088E+05   7.414318E+00   7.593440E+00
  3   3   1.034181E+02   5.942163E+03   3.123152E+05   7.414314E+00   7.593438E+00
  4   1   1.034158E+02   5.942039E+03   3.123089E+05   7.414318E+00   7.593440E+00
  4   2   1.034134E+02   5.941910E+03   3.123023E+05   7.414322E+00   7.593443E+00
  4   3   1.034157E+02   5.942036E+03   3.123088E+05   7.414318E+00   7.593440E+00
  4   4   1.034134E+02   5.941909E+03   3.123023E+05   7.414322E+00   7.593443E+00
  5   1   1.761109E+02   1.054151E+04   6.362283E+05   7.752777E+00   7.813845E+00
  5   2   1.761073E+02   1.054131E+04   6.362166E+05   7.752781E+00   7.813847E+00
  5   3   1.761108E+02   1.054151E+04   6.362280E+05   7.752777E+00   7.813845E+00
  5   4   1.761073E+02   1.054131E+04   6.362165E+05   7.752781E+00   7.813847E+00
  5   5   3.048994E+02   1.898206E+04   1.285497E+06   8.059213E+00   8.013396E+00
  6   1   1.761037E+02   1.054108E+04   6.362066E+05   7.752790E+00   7.813853E+00
  6   2   1.761002E+02   1.054088E+04   6.361950E+05   7.752794E+00   7.813855E+00
  6   3   1.761036E+02   1.054107E+04   6.362063E+05   7.752790E+00   7.813853E+00
  6   4   1.761002E+02   1.054088E+04   6.361949E+05   7.752794E+00   7.813855E+00
  6   5   3.048884E+02   1.898137E+04   1.285458E+06   8.059225E+00   8.013404E+00
  6   6   3.048774E+02   1.898068E+04   1.285419E+06   8.059237E+00   8.013411E+00
  7   1   1.761037E+02   1.054108E+04   6.362065E+05   7.752790E+00   7.813853E+00
  7   2   1.761001E+02   1.054088E+04   6.361949E+05   7.752794E+00   7.813856E+00
  7   3   1.761036E+02   1.054107E+04   6.362062E+05   7.752790E+00   7.813853E+00
  7   4   1.761001E+02   1.054088E+04   6.361947E+05   7.752794E+00   7.813856E+00
  7   5   3.048883E+02   1.898136E+04   1.285457E+06   8.059225E+00   8.013404E+00
  7   6   3.048773E+02   1.898067E+04   1.285418E+06   8.059237E+00   8.013411E+00
  7   7   3.048772E+02   1.898067E+04   1.285418E+06   8.059237E+00   8.013411E+00
  8   1   1.761109E+02   1.054151E+04   6.362284E+05   7.752778E+00   7.813845E+00
  8   2   1.761074E+02   1.054131E+04   6.362167E+05   7.752781E+00   7.813847E+00
  8   3   1.761108E+02   1.054151E+04   6.362281E+05   7.752777E+00   7.813845E+00
  8   4   1.761073E+02   1.054131E+04   6.362166E+05   7.752781E+00   7.813847E+00
  8   5   3.048994E+02   1.898206E+04   1.285497E+06   8.059214E+00   8.013396E+00
  8   6   3.048884E+02   1.898137E+04   1.285458E+06   8.059225E+00   8.013404E+00
  8   7   3.048884E+02   1.898137E+04   1.285458E+06   8.059225E+00   8.013404E+00
  8   8   3.048995E+02   1.898207E+04   1.285497E+06   8.059214E+00   8.013396E+00
 
+ van der Waals energies, forces and stresses (Ry,bohr)
  Evdw(total,Ry)   =  -2.800211832658E-01
  Evdw(C6,Ry)      =  -1.102021274153E-01
  Evdw(C8,Ry)      =  -8.812942527132E-02
  Evdw(C10,Ry)     =  -8.168963057913E-02
  Fvdw (001,Ry/bohr) =   2.078720669415E-04  -2.207146190663E-08   4.193353331139E-05
  Fvdw (002,Ry/bohr) =   2.075740343579E-04  -1.876560808868E-08  -4.194858235672E-05
  Fvdw (003,Ry/bohr) =  -2.078710766446E-04   2.207149490569E-08  -4.193759078152E-05
  Fvdw (004,Ry/bohr) =  -2.075743344332E-04   1.876557466221E-08   4.194773909422E-05
  Fvdw (005,Ry/bohr) =   9.356992375109E-04  -8.418386363748E-08  -1.074169555450E-04
  Fvdw (006,Ry/bohr) =  -9.360772845375E-04   7.407591706162E-08  -1.074181378028E-04
  Fvdw (007,Ry/bohr) =   9.360772917199E-04  -7.407590223772E-08   1.074190344354E-04
  Fvdw (008,Ry/bohr) =  -9.356999349149E-04   8.418384924157E-08   1.074209596450E-04
  sigma_vdw (Ry/bohr**3) =  -2.093518498351E-04  -5.284245480084E-10   3.701606302265E-11  
                            -5.284245480084E-10  -2.111270211610E-04  -2.427728050125E-11  
                             3.701606302265E-11  -2.427728050125E-11  -2.156370690878E-04  
  sigma_vdw (GPa) =  -3.079671517889E+00  -7.773392167953E-06   5.445249950503E-07  
                     -7.773392167953E-06  -3.105785185267E+00  -3.571310659560E-07  
                      5.445249950503E-07  -3.571310659560E-07  -3.172130269658E+00  
 

!    total energy              =   -2535.18430672 Ry
     Harris-Foulkes estimate   =   -2535.18403530 Ry
     estimated scf accuracy    <          6.4E-12 Ry

     total all-electron energy =    -68869.080197 Ry

     The total energy is the sum of the following terms:

     one-electron contribution =    -241.60670796 Ry
     hartree contribution      =     141.79915925 Ry
     xc contribution           =    -164.35750201 Ry
     ewald contribution        =    -441.58171192 Ry
     Dispersion XDM Correction =      -0.28002118 Ry
     one-center paw contrib.   =   -1829.15752289 Ry
     smearing contrib. (-TS)   =       0.00000000 Ry

     convergence has been achieved in  12 iterations

     Forces acting on atoms (cartesian axes, Ry/au):

     atom    1 type  1   force =     0.00001991    0.00000013    0.00017573
     atom    2 type  1   force =     0.00001932    0.00000037   -0.00017543
     atom    3 type  1   force =    -0.00001991   -0.00000013   -0.00017573
     atom    4 type  1   force =    -0.00001932   -0.00000037    0.00017543
     atom    5 type  2   force =     0.00016227    0.00000027   -0.00018060
     atom    6 type  2   force =    -0.00017248   -0.00000006   -0.00017995
     atom    7 type  2   force =     0.00017248    0.00000006    0.00017995
     atom    8 type  2   force =    -0.00016227   -0.00000027    0.00018060

     Total force =     0.000606     Total SCF correction =     0.000015


     Computing stress (Cartesian axis) and pressure

          total   stress  (Ry/bohr**3)                   (kbar)     P=   -4.69
  -0.00003018   0.00000000  -0.00000000         -4.44      0.00     -0.00
   0.00000000  -0.00003497   0.00000000          0.00     -5.14      0.00
  -0.00000000   0.00000000  -0.00003056         -0.00      0.00     -4.50


     Writing output data file LT-SnSe_XDM.save/
 
     init_run     :     45.22s CPU     54.31s WALL (       2 calls)
     electrons    :   2559.96s CPU   3184.58s WALL (       2 calls)
     forces       :      9.39s CPU     10.21s WALL (       2 calls)
     stress       :     21.11s CPU     21.87s WALL (       2 calls)

     Called by init_run:
     wfcinit      :     38.61s CPU     46.35s WALL (       2 calls)
     potinit      :      2.21s CPU      2.84s WALL (       2 calls)
     hinit0       :      3.58s CPU      4.11s WALL (       2 calls)

     Called by electrons:
     c_bands      :   1793.29s CPU   2339.06s WALL (      25 calls)
     sum_band     :    750.95s CPU    824.90s WALL (      25 calls)
     v_of_rho     :      5.23s CPU      6.91s WALL (      26 calls)
     newd         :      2.72s CPU      3.54s WALL (      26 calls)
     PAW_pot      :      3.18s CPU      4.93s WALL (      26 calls)
     mix_rho      :      0.76s CPU      1.31s WALL (      25 calls)

     Called by c_bands:
     init_us_2    :      9.05s CPU      9.97s WALL (   20440 calls)
     cegterg      :   1751.39s CPU   2294.23s WALL (    9125 calls)

     Called by sum_band:
     sum_band:bec :      0.43s CPU      0.45s WALL (    9125 calls)
     addusdens    :      3.85s CPU      4.94s WALL (      25 calls)

     Called by *egterg:
     h_psi        :    988.90s CPU   1090.83s WALL (   42720 calls)
     s_psi        :     23.67s CPU     23.95s WALL (   42720 calls)
     g_psi        :      3.42s CPU      3.83s WALL (   32865 calls)
     cdiaghg      :    553.36s CPU    927.72s WALL (   41625 calls)

     Called by h_psi:
     h_psi:pot    :    984.89s CPU   1086.48s WALL (   42720 calls)
     h_psi:calbec :     41.75s CPU     50.23s WALL (   42720 calls)
     vloc_psi     :    918.32s CPU   1010.84s WALL (   42720 calls)
     add_vuspsi   :     24.55s CPU     25.16s WALL (   42720 calls)

     General routines
     calbec       :     58.95s CPU     69.78s WALL (   55495 calls)
     fft          :      3.90s CPU      6.90s WALL (     476 calls)
     ffts         :      0.07s CPU      0.08s WALL (      76 calls)
     fftw         :   1510.11s CPU   1666.62s WALL ( 4317614 calls)
     interpolate  :      0.16s CPU      0.26s WALL (      26 calls)
 
     Parallel routines
     fft_scatt_xy :    117.14s CPU    123.20s WALL ( 4318166 calls)
     fft_scatt_yz :    491.89s CPU    602.56s WALL ( 4318166 calls)
 
     PWSCF        : 44m 6.77s CPU    55m 0.53s WALL

 
   This run was terminated on:  20:59:53  19Jan2019            

=------------------------------------------------------------------------------=
   JOB DONE.
=------------------------------------------------------------------------------=
